C:\Dev\Kaoszrubin\Káoszrubin\Data\GameSaveService.cs(410,41): warning CS0618: 'NpcQuestProgress' is obsolete: 'Legacy quest state. Használd a Domain.Quests típusokat.' [C:\Dev\Kaoszrubin\Káoszrubin\Kaoszrubin.csproj]
C:\Dev\Kaoszrubin\Káoszrubin\Application\WorldSnapshots.cs(48,19): warning CS0618: 'NpcQuestProgress' is obsolete: 'Legacy quest state. Használd a Domain.Quests típusokat.' [C:\Dev\Kaoszrubin\Káoszrubin\Kaoszrubin.csproj]
C:\Dev\Kaoszrubin\Káoszrubin\World\WorldNpc.cs(22,41): warning CS0618: 'NpcQuestProgress' is obsolete: 'Legacy quest state. Használd a Domain.Quests típusokat.' [C:\Dev\Kaoszrubin\Káoszrubin\Kaoszrubin.csproj]
C:\Dev\Kaoszrubin\Káoszrubin\World\WorldNpc.cs(24,43): warning CS0618: 'NpcQuestProgress' is obsolete: 'Legacy quest state. Használd a Domain.Quests típusokat.' [C:\Dev\Kaoszrubin\Káoszrubin\Kaoszrubin.csproj]
C:\Dev\Kaoszrubin\Káoszrubin\Application\WorldSnapshots.cs(129,17): warning CS0618: 'WorldNpc.QuestIds' is obsolete: 'Legacy quest state. Használd a QuestManager / QuestNpcHandle rendszert.' [C:\Dev\Kaoszrubin\Káoszrubin\Kaoszrubin.csproj]
C:\Dev\Kaoszrubin\Káoszrubin\Application\WorldSnapshots.cs(129,31): warning CS0618: 'WorldNpc.Quests' is obsolete: 'Legacy quest state. Használd a QuestManager / QuestNpcHandle rendszert.' [C:\Dev\Kaoszrubin\Káoszrubin\Kaoszrubin.csproj]
C:\Dev\Kaoszrubin\Káoszrubin\Infrastructure\Quests\QuestSaveAdapter.cs(211,33): warning CS0618: 'NpcQuestState' is obsolete: 'Legacy quest state. Használd a Domain.Quests típusokat.' [C:\Dev\Kaoszrubin\Káoszrubin\Kaoszrubin.csproj]
C:\Dev\Kaoszrubin\Káoszrubin\Infrastructure\Quests\QuestSaveAdapter.cs(212,25): warning CS0618: 'NpcQuestState' is obsolete: 'Legacy quest state. Használd a Domain.Quests típusokat.' [C:\Dev\Kaoszrubin\Káoszrubin\Kaoszrubin.csproj]
C:\Dev\Kaoszrubin\Káoszrubin\Infrastructure\Quests\QuestSaveAdapter.cs(213,25): warning CS0618: 'NpcQuestState' is obsolete: 'Legacy quest state. Használd a Domain.Quests típusokat.' [C:\Dev\Kaoszrubin\Káoszrubin\Kaoszrubin.csproj]
C:\Dev\Kaoszrubin\Káoszrubin\Infrastructure\Quests\QuestSaveAdapter.cs(214,25): warning CS0618: 'NpcQuestState' is obsolete: 'Legacy quest state. Használd a Domain.Quests típusokat.' [C:\Dev\Kaoszrubin\Káoszrubin\Kaoszrubin.csproj]
C:\Dev\Kaoszrubin\Káoszrubin\Data\GameStateMapper.cs(236,66): warning CS0618: 'WorldNpc.QuestIds' is obsolete: 'Legacy quest state. Használd a QuestManager / QuestNpcHandle rendszert.' [C:\Dev\Kaoszrubin\Káoszrubin\Kaoszrubin.csproj]
C:\Dev\Kaoszrubin\Káoszrubin\Data\GameStateMapper.cs(237,9): warning CS0618: 'WorldNpc.Quests' is obsolete: 'Legacy quest state. Használd a QuestManager / QuestNpcHandle rendszert.' [C:\Dev\Kaoszrubin\Káoszrubin\Kaoszrubin.csproj]
C:\Dev\Kaoszrubin\Káoszrubin\Infrastructure\Quests\LegacyQuestProgressProjection.cs(16,58): warning CS0618: 'NpcQuestState' is obsolete: 'Legacy quest state. Használd a Domain.Quests típusokat.' [C:\Dev\Kaoszrubin\Káoszrubin\Kaoszrubin.csproj]
C:\Dev\Kaoszrubin\Káoszrubin\Infrastructure\Quests\LegacyQuestProgressProjection.cs(17,62): warning CS0618: 'NpcQuestState' is obsolete: 'Legacy quest state. Használd a Domain.Quests típusokat.' [C:\Dev\Kaoszrubin\Káoszrubin\Kaoszrubin.csproj]
C:\Dev\Kaoszrubin\Káoszrubin\Infrastructure\Quests\LegacyQuestProgressProjection.cs(18,37): warning CS0618: 'NpcQuestState' is obsolete: 'Legacy quest state. Használd a Domain.Quests típusokat.' [C:\Dev\Kaoszrubin\Káoszrubin\Kaoszrubin.csproj]
C:\Dev\Kaoszrubin\Káoszrubin\Infrastructure\Quests\LegacyQuestProgressProjection.cs(19,34): warning CS0618: 'NpcQuestState' is obsolete: 'Legacy quest state. Használd a Domain.Quests típusokat.' [C:\Dev\Kaoszrubin\Káoszrubin\Kaoszrubin.csproj]
C:\Dev\Kaoszrubin\Káoszrubin\Infrastructure\Quests\LegacyQuestProgressProjection.cs(22,27): warning CS0618: 'WorldNpc.Quests' is obsolete: 'Legacy quest state. Használd a QuestManager / QuestNpcHandle rendszert.' [C:\Dev\Kaoszrubin\Káoszrubin\Kaoszrubin.csproj]
C:\Dev\Kaoszrubin\Káoszrubin\Infrastructure\Quests\LegacyQuestProgressProjection.cs(22,9): warning CS0618: 'WorldNpc.RestoreQuests(IEnumerable<NpcQuestProgress>)' is obsolete: 'Legacy quest state. Használd a QuestManager-t.' [C:\Dev\Kaoszrubin\Káoszrubin\Kaoszrubin.csproj]
C:\Dev\Kaoszrubin\Káoszrubin\Application\Game.cs(1872,18): warning CS0618: 'WorldNpc.Quests' is obsolete: 'Legacy quest state. Használd a QuestManager / QuestNpcHandle rendszert.' [C:\Dev\Kaoszrubin\Káoszrubin\Kaoszrubin.csproj]
C:\Dev\Kaoszrubin\Káoszrubin\Application\Game.cs(1874,40): warning CS0618: 'NpcQuestState' is obsolete: 'Legacy quest state. Használd a Domain.Quests típusokat.' [C:\Dev\Kaoszrubin\Káoszrubin\Kaoszrubin.csproj]
  Kaoszrubin -> C:\Dev\Kaoszrubin\Káoszrubin\bin\Debug\net10.0-windows\Kaoszrubin.dll
C:\Dev\Kaoszrubin\Tests\Program.cs(3659,12): warning CS0618: 'WorldNpc.ActivateQuest(string)' is obsolete: 'Legacy quest state. Használd a QuestManager-t.' [C:\Dev\Kaoszrubin\Tests\KaoszrubinTests.csproj]
C:\Dev\Kaoszrubin\Tests\Program.cs(3659,44): warning CS0618: 'WorldNpc.AddQuestProgress(string, int, int)' is obsolete: 'Legacy quest state. Használd a QuestManager-t.' [C:\Dev\Kaoszrubin\Tests\KaoszrubinTests.csproj]
C:\Dev\Kaoszrubin\Tests\Program.cs(3660,12): warning CS0618: 'WorldNpc.Quests' is obsolete: 'Legacy quest state. Használd a QuestManager / QuestNpcHandle rendszert.' [C:\Dev\Kaoszrubin\Tests\KaoszrubinTests.csproj]
C:\Dev\Kaoszrubin\Tests\Program.cs(3660,44): warning CS0618: 'NpcQuestState' is obsolete: 'Legacy quest state. Használd a Domain.Quests típusokat.' [C:\Dev\Kaoszrubin\Tests\KaoszrubinTests.csproj]
C:\Dev\Kaoszrubin\Tests\Program.cs(3661,12): warning CS0618: 'WorldNpc.AddQuestProgress(string, int, int)' is obsolete: 'Legacy quest state. Használd a QuestManager-t.' [C:\Dev\Kaoszrubin\Tests\KaoszrubinTests.csproj]
C:\Dev\Kaoszrubin\Tests\Program.cs(3661,53): warning CS0618: 'WorldNpc.CompleteQuest(string)' is obsolete: 'Legacy quest state. Használd a QuestManager-t.' [C:\Dev\Kaoszrubin\Tests\KaoszrubinTests.csproj]
C:\Dev\Kaoszrubin\Tests\Program.cs(3662,12): warning CS0618: 'WorldNpc.Quests' is obsolete: 'Legacy quest state. Használd a QuestManager / QuestNpcHandle rendszert.' [C:\Dev\Kaoszrubin\Tests\KaoszrubinTests.csproj]
C:\Dev\Kaoszrubin\Tests\Program.cs(3662,41): warning CS0618: 'NpcQuestState' is obsolete: 'Legacy quest state. Használd a Domain.Quests típusokat.' [C:\Dev\Kaoszrubin\Tests\KaoszrubinTests.csproj]
  KaoszrubinTests -> C:\Dev\Kaoszrubin\Tests\bin\Debug\net10.0-windows\KaoszrubinTests.dll

Build succeeded.

C:\Dev\Kaoszrubin\Káoszrubin\Data\GameSaveService.cs(410,41): warning CS0618: 'NpcQuestProgress' is obsolete: 'Legacy quest state. Használd a Domain.Quests típusokat.' [C:\Dev\Kaoszrubin\Káoszrubin\Kaoszrubin.csproj]
C:\Dev\Kaoszrubin\Káoszrubin\Application\WorldSnapshots.cs(48,19): warning CS0618: 'NpcQuestProgress' is obsolete: 'Legacy quest state. Használd a Domain.Quests típusokat.' [C:\Dev\Kaoszrubin\Káoszrubin\Kaoszrubin.csproj]
C:\Dev\Kaoszrubin\Káoszrubin\World\WorldNpc.cs(22,41): warning CS0618: 'NpcQuestProgress' is obsolete: 'Legacy quest state. Használd a Domain.Quests típusokat.' [C:\Dev\Kaoszrubin\Káoszrubin\Kaoszrubin.csproj]
C:\Dev\Kaoszrubin\Káoszrubin\World\WorldNpc.cs(24,43): warning CS0618: 'NpcQuestProgress' is obsolete: 'Legacy quest state. Használd a Domain.Quests típusokat.' [C:\Dev\Kaoszrubin\Káoszrubin\Kaoszrubin.csproj]
C:\Dev\Kaoszrubin\Káoszrubin\Application\WorldSnapshots.cs(129,17): warning CS0618: 'WorldNpc.QuestIds' is obsolete: 'Legacy quest state. Használd a QuestManager / QuestNpcHandle rendszert.' [C:\Dev\Kaoszrubin\Káoszrubin\Kaoszrubin.csproj]
C:\Dev\Kaoszrubin\Káoszrubin\Application\WorldSnapshots.cs(129,31): warning CS0618: 'WorldNpc.Quests' is obsolete: 'Legacy quest state. Használd a QuestManager / QuestNpcHandle rendszert.' [C:\Dev\Kaoszrubin\Káoszrubin\Kaoszrubin.csproj]
C:\Dev\Kaoszrubin\Káoszrubin\Infrastructure\Quests\QuestSaveAdapter.cs(211,33): warning CS0618: 'NpcQuestState' is obsolete: 'Legacy quest state. Használd a Domain.Quests típusokat.' [C:\Dev\Kaoszrubin\Káoszrubin\Kaoszrubin.csproj]
C:\Dev\Kaoszrubin\Káoszrubin\Infrastructure\Quests\QuestSaveAdapter.cs(212,25): warning CS0618: 'NpcQuestState' is obsolete: 'Legacy quest state. Használd a Domain.Quests típusokat.' [C:\Dev\Kaoszrubin\Káoszrubin\Kaoszrubin.csproj]
C:\Dev\Kaoszrubin\Káoszrubin\Infrastructure\Quests\QuestSaveAdapter.cs(213,25): warning CS0618: 'NpcQuestState' is obsolete: 'Legacy quest state. Használd a Domain.Quests típusokat.' [C:\Dev\Kaoszrubin\Káoszrubin\Kaoszrubin.csproj]
C:\Dev\Kaoszrubin\Káoszrubin\Infrastructure\Quests\QuestSaveAdapter.cs(214,25): warning CS0618: 'NpcQuestState' is obsolete: 'Legacy quest state. Használd a Domain.Quests típusokat.' [C:\Dev\Kaoszrubin\Káoszrubin\Kaoszrubin.csproj]
C:\Dev\Kaoszrubin\Káoszrubin\Data\GameStateMapper.cs(236,66): warning CS0618: 'WorldNpc.QuestIds' is obsolete: 'Legacy quest state. Használd a QuestManager / QuestNpcHandle rendszert.' [C:\Dev\Kaoszrubin\Káoszrubin\Kaoszrubin.csproj]
C:\Dev\Kaoszrubin\Káoszrubin\Data\GameStateMapper.cs(237,9): warning CS0618: 'WorldNpc.Quests' is obsolete: 'Legacy quest state. Használd a QuestManager / QuestNpcHandle rendszert.' [C:\Dev\Kaoszrubin\Káoszrubin\Kaoszrubin.csproj]
C:\Dev\Kaoszrubin\Káoszrubin\Infrastructure\Quests\LegacyQuestProgressProjection.cs(16,58): warning CS0618: 'NpcQuestState' is obsolete: 'Legacy quest state. Használd a Domain.Quests típusokat.' [C:\Dev\Kaoszrubin\Káoszrubin\Kaoszrubin.csproj]
C:\Dev\Kaoszrubin\Káoszrubin\Infrastructure\Quests\LegacyQuestProgressProjection.cs(17,62): warning CS0618: 'NpcQuestState' is obsolete: 'Legacy quest state. Használd a Domain.Quests típusokat.' [C:\Dev\Kaoszrubin\Káoszrubin\Kaoszrubin.csproj]
C:\Dev\Kaoszrubin\Káoszrubin\Infrastructure\Quests\LegacyQuestProgressProjection.cs(18,37): warning CS0618: 'NpcQuestState' is obsolete: 'Legacy quest state. Használd a Domain.Quests típusokat.' [C:\Dev\Kaoszrubin\Káoszrubin\Kaoszrubin.csproj]
C:\Dev\Kaoszrubin\Káoszrubin\Infrastructure\Quests\LegacyQuestProgressProjection.cs(19,34): warning CS0618: 'NpcQuestState' is obsolete: 'Legacy quest state. Használd a Domain.Quests típusokat.' [C:\Dev\Kaoszrubin\Káoszrubin\Kaoszrubin.csproj]
C:\Dev\Kaoszrubin\Káoszrubin\Infrastructure\Quests\LegacyQuestProgressProjection.cs(22,27): warning CS0618: 'WorldNpc.Quests' is obsolete: 'Legacy quest state. Használd a QuestManager / QuestNpcHandle rendszert.' [C:\Dev\Kaoszrubin\Káoszrubin\Kaoszrubin.csproj]
C:\Dev\Kaoszrubin\Káoszrubin\Infrastructure\Quests\LegacyQuestProgressProjection.cs(22,9): warning CS0618: 'WorldNpc.RestoreQuests(IEnumerable<NpcQuestProgress>)' is obsolete: 'Legacy quest state. Használd a QuestManager-t.' [C:\Dev\Kaoszrubin\Káoszrubin\Kaoszrubin.csproj]
C:\Dev\Kaoszrubin\Káoszrubin\Application\Game.cs(1872,18): warning CS0618: 'WorldNpc.Quests' is obsolete: 'Legacy quest state. Használd a QuestManager / QuestNpcHandle rendszert.' [C:\Dev\Kaoszrubin\Káoszrubin\Kaoszrubin.csproj]
C:\Dev\Kaoszrubin\Káoszrubin\Application\Game.cs(1874,40): warning CS0618: 'NpcQuestState' is obsolete: 'Legacy quest state. Használd a Domain.Quests típusokat.' [C:\Dev\Kaoszrubin\Káoszrubin\Kaoszrubin.csproj]
C:\Dev\Kaoszrubin\Tests\Program.cs(3659,12): warning CS0618: 'WorldNpc.ActivateQuest(string)' is obsolete: 'Legacy quest state. Használd a QuestManager-t.' [C:\Dev\Kaoszrubin\Tests\KaoszrubinTests.csproj]
C:\Dev\Kaoszrubin\Tests\Program.cs(3659,44): warning CS0618: 'WorldNpc.AddQuestProgress(string, int, int)' is obsolete: 'Legacy quest state. Használd a QuestManager-t.' [C:\Dev\Kaoszrubin\Tests\KaoszrubinTests.csproj]
C:\Dev\Kaoszrubin\Tests\Program.cs(3660,12): warning CS0618: 'WorldNpc.Quests' is obsolete: 'Legacy quest state. Használd a QuestManager / QuestNpcHandle rendszert.' [C:\Dev\Kaoszrubin\Tests\KaoszrubinTests.csproj]
C:\Dev\Kaoszrubin\Tests\Program.cs(3660,44): warning CS0618: 'NpcQuestState' is obsolete: 'Legacy quest state. Használd a Domain.Quests típusokat.' [C:\Dev\Kaoszrubin\Tests\KaoszrubinTests.csproj]
C:\Dev\Kaoszrubin\Tests\Program.cs(3661,12): warning CS0618: 'WorldNpc.AddQuestProgress(string, int, int)' is obsolete: 'Legacy quest state. Használd a QuestManager-t.' [C:\Dev\Kaoszrubin\Tests\KaoszrubinTests.csproj]
C:\Dev\Kaoszrubin\Tests\Program.cs(3661,53): warning CS0618: 'WorldNpc.CompleteQuest(string)' is obsolete: 'Legacy quest state. Használd a QuestManager-t.' [C:\Dev\Kaoszrubin\Tests\KaoszrubinTests.csproj]
C:\Dev\Kaoszrubin\Tests\Program.cs(3662,12): warning CS0618: 'WorldNpc.Quests' is obsolete: 'Legacy quest state. Használd a QuestManager / QuestNpcHandle rendszert.' [C:\Dev\Kaoszrubin\Tests\KaoszrubinTests.csproj]
C:\Dev\Kaoszrubin\Tests\Program.cs(3662,41): warning CS0618: 'NpcQuestState' is obsolete: 'Legacy quest state. Használd a Domain.Quests típusokat.' [C:\Dev\Kaoszrubin\Tests\KaoszrubinTests.csproj]
    28 Warning(s)
    0 Error(s)

Time Elapsed 00:00:09.40
